// Jest Snapshot v1, https://goo.gl/fbAQLP

exports[`Home page renders 1`] = `
<div>
  Welcome to Next.js!
</div>
`;
